0ad
acpi
acpid
alacritty
alsa-plugins
alsa-utils
amd-ucode
android-tools
ark
aspell
aspell-en
audacity
b43-fwcutter
barrier
bash
bluedevil
breeze
breeze-gtk
btrfs-progs
bzip2
cabal-install
chromium
cmake
code
coreutils
cpupower
crda
cronie
cryfs
cryptsetup
cups
cups-pdf
device-mapper
dhclient
dhcpcd
diffutils
dmenu-manjaro
dmraid
dnsmasq
docker-compose
dolphin
dolphin-plugins
dosfstools
drkonqi
e2fsprogs
ecryptfs-utils
efibootmgr
egl-wayland
elisa
emacs
encfs
ethtool
exfat-utils
f2fs-tools
fd
file
filelight
filesystem
findutils
firefox
firefox-i18n-en-us
firefox-i18n-mr
fzf
gawk
gcc-libs
gettext
ghostscript
gimp
gimp-help-en
glibc
gnome-keyring
gnucash
gnuplot
go
go-tools
gocryptfs
gopls
gramps
grantleetheme
graphviz
grep
gsfonts
gstreamer-vaapi
gwenview
gzip
haskell-brittany
haskell-hledger-lib
haskell-hspec
haskell-hspec-core
haskell-hspec-discover
haskell-hspec-expectations
haskell-html-conduit
haskell-language-server
haskell-pretty-simple
haskell-prettyprinter
haskell-prettyprinter-ansi-terminal
haskell-quickcheck-io
haskell-tf-random
haskell-xml-conduit
haskell-xml-types
haskell-yesod-test
haveged
hledger
hledger-web
hlint
hoogle
hunspell
hyphen-en
imagewriter
imath
inetutils
intel-ucode
iproute2
iptables
iputils
ipw2100-fw
ipw2200-fw
iucode-tool
jdk11-openjdk
jfsutils
jq
kactivitymanagerd
kate
kcm-wacomtablet
kcolorpicker
kde-cli-tools
kde-gtk-config
kde-servicemenus-rootactions
kdeconnect
kdecoration
kdenlive
kdeplasma-addons
keepass
kgamma5
khotkeys
kimageannotator
kinfocenter
kio-gdrive
kmenuedit
kompose
konsole
krdc
krename
krita
kscreen
kscreenlocker
ksshaskpass
ksysguard
ktouch
kwallet-pam
kwayland-integration
kwin
kwrited
languagetool
ledger
less
lib32-nvidia-utils
libkleo
libksysguard
libldac
libreoffice-still
libreoffice-still-mr
libretro-bsnes-hd
libretro-desmume
libretro-dolphin
libretro-nestopia
libretro-pcsx2
libretro-scummvm
libretro-snes9x
licenses
linux-firmware
linux510
linux510-acpi_call
linux510-broadcom-wl
linux510-headers
linux510-nvidia
linux510-r8168
linux513
linux513-acpi_call
linux513-broadcom-wl
linux513-headers
linux513-nvidia
linux513-r8168
linux514
linux514-acpi_call
linux514-broadcom-wl
linux514-headers
linux514-nvidia
linux514-r8168
logrotate
lsb-release
lsd
lutris
lvm2
maim
make
man-db
man-pages
manjaro-firmware
manjaro-input
manjaro-kde-settings
manjaro-printer
manjaro-refind-installer
manjaro-release
manjaro-settings-manager
manjaro-settings-manager-kcm
manjaro-system
manjaro-vaapi
manjaro-zsh-config
mcomix
mdadm
meld
memtest86+
mhwd
mhwd-db
milou
mkinitcpio-openswap
mpv
mythes-en
nano
neofetch
neovim
nerd-fonts-noto-sans-mono
newsboat
nfs-utils
ngrep
nilfs-utils
nnn
noto-fonts-emoji
npm
ntfs-3g
nvidia-utils
offlineimap
okular
openjdk11-doc
openjdk11-src
openttd
openttd-opengfx
openttd-opensfx
os-prober
otf-overpass
oxygen
pacman
pamac-gtk
pamac-tray-icon-plasma
papirus-maia-icon-theme
partitionmanager
pavucontrol
pciutils
perl
pkgfile
plasma-browser-integration
plasma-desktop
plasma-integration
plasma-nm
plasma-pa
plasma-sdk
plasma-thunderbolt
plasma-vault
plasma-wayland-session
plasma-workspace
plasma-workspace-wallpapers
plymouth
podman
podman-compose
podman-dnsname
polkit-kde-agent
powerdevil
procps-ng
psmisc
pulseaudio-alsa
pulseaudio-bluetooth
pulseaudio-ctl
python-gitpython
qt5-translations
quodlibet
rav1e
rclone
refind-drivers
refind-theme-maia
reiserfsprogs
retroarch
ripgrep
rsync
ruby
s-nail
samba
sbcl
sd
sddm-kcm
sed
shadow
shellcheck
shotwell
spectacle
spectre-meltdown-checker
sqlitebrowser
stack
steam-native
sudo
syncthing
sysfsutils
systemd-fsck-silent
systemd-kcm
systemd-sysvcompat
systemsettings
tar
texinfo
texlive-bibtexextra
texlive-core
texlive-fontsextra
texlive-formatsextra
texlive-games
texlive-humanities
texlive-latexextra
texlive-music
texlive-pictures
texlive-pstricks
texlive-publishers
texlive-science
the_silver_searcher
tidy
tigervnc
tlp
tmux
ttf-anonymous-pro
ttf-cascadia-code
ttf-dejavu
ttf-droid
ttf-fira-code
ttf-fira-mono
ttf-fira-sans
ttf-font-awesome
ttf-font-icons
ttf-icomoon-icons
ttf-inconsolata
ttf-indic-otf
ttf-ionicons
ttf-joypixels
ttf-proggy-clean
usbutils
util-linux
weston
wget
which
whois
wine-staging
winetricks
wpa_supplicant
x11vnc
xclip
xdg-desktop-portal-kde
xfsprogs
xine-lib
xmonad
xmonad-contrib
xmonad-utils
xorg-xev
xorg-xinit
xournalpp
yakuake
yakuake-skin-maia
youtube-dl
zathura
zathura-cb
zathura-djvu
zathura-pdf-mupdf
zathura-ps
zsh
zsh-theme-powerlevel10k
